time="2026-01-20T18:02:30Z" level=warning msg="The \"SUPABASE_URL\" variable is not set. Defaulting to a blank string."
time="2026-01-20T18:02:30Z" level=warning msg="The \"SUPABASE_ANON_KEY\" variable is not set. Defaulting to a blank string."
time="2026-01-20T18:02:30Z" level=warning msg="The \"SUPABASE_URL\" variable is not set. Defaulting to a blank string."
time="2026-01-20T18:02:30Z" level=warning msg="The \"SUPABASE_ANON_KEY\" variable is not set. Defaulting to a blank string."
time="2026-01-20T18:02:30Z" level=warning msg="The \"SUPABASE_URL\" variable is not set. Defaulting to a blank string."
time="2026-01-20T18:02:30Z" level=warning msg="The \"SUPABASE_SERVICE_ROLE_KEY\" variable is not set. Defaulting to a blank string."
time="2026-01-20T18:02:30Z" level=warning msg="The \"LLM_PROVIDER\" variable is not set. Defaulting to a blank string."
time="2026-01-20T18:02:30Z" level=warning msg="The \"ANTHROPIC_API_KEY\" variable is not set. Defaulting to a blank string."
time="2026-01-20T18:02:30Z" level=warning msg="The \"OPENAI_API_KEY\" variable is not set. Defaulting to a blank string."
time="2026-01-20T18:02:30Z" level=warning msg="The \"GOOGLE_API_KEY\" variable is not set. Defaulting to a blank string."
time="2026-01-20T18:02:30Z" level=warning msg="The \"SMTP_HOST\" variable is not set. Defaulting to a blank string."
time="2026-01-20T18:02:30Z" level=warning msg="The \"SMTP_PORT\" variable is not set. Defaulting to a blank string."
time="2026-01-20T18:02:30Z" level=warning msg="The \"SMTP_USER\" variable is not set. Defaulting to a blank string."
time="2026-01-20T18:02:30Z" level=warning msg="The \"SMTP_PASS\" variable is not set. Defaulting to a blank string."
time="2026-01-20T18:02:30Z" level=warning msg="The \"ENCRYPTION_KEY\" variable is not set. Defaulting to a blank string."
time="2026-01-20T18:02:30Z" level=warning msg="/app/docker-compose.yml: the attribute `version` is obsolete, it will be ignored, please remove it to avoid potential confusion"
permission denied while trying to connect to the Docker daemon socket at unix:///var/run/docker.sock: Head "http://%2Fvar%2Frun%2Fdocker.sock/_ping": dial unix /var/run/docker.sock: connect: permission denied
